// Vitest Snapshot v1, https://vitest.dev/guide/snapshot.html

exports[`layoutGridWithChrome cascade > golden outcomes 1`] = `
{
  "all30@1280x300": {
    "cols": 15,
    "combo": "tl2.tr5",
    "dy": 25.5,
    "feasible": true,
    "shrunk": true,
    "size": 68,
  },
  "all30@1280x800": {
    "cols": 8,
    "combo": "tl2.tr2",
    "dy": 0,
    "feasible": true,
    "shrunk": false,
    "size": 146,
  },
  "all30@1920x1080": {
    "cols": 8,
    "combo": "tl2.tr2",
    "dy": 0,
    "feasible": true,
    "shrunk": false,
    "size": 226,
  },
  "all30@320x568": {
    "cols": 5,
    "combo": "tl2.tr4",
    "dy": 38.5,
    "feasible": true,
    "shrunk": false,
    "size": 49,
  },
  "all30@3440x1440": {
    "cols": 10,
    "combo": "tl2.tr2",
    "dy": 0,
    "feasible": true,
    "shrunk": false,
    "size": 330,
  },
  "all30@375x812": {
    "cols": 4,
    "combo": "tl2.tr4",
    "dy": 25.42,
    "feasible": true,
    "shrunk": true,
    "size": 72,
  },
  "all30@420x260": {
    "cols": 10,
    "combo": "tl2.tr5",
    "dy": 25.5,
    "feasible": true,
    "shrunk": false,
    "size": 28,
  },
  "all30@500x400": {
    "cols": 8,
    "combo": "tl2.tr4",
    "dy": 17.5,
    "feasible": true,
    "shrunk": false,
    "size": 49,
  },
  "all30@768x1024": {
    "cols": 5,
    "combo": "tl2.tr5",
    "dy": 24.5,
    "feasible": true,
    "shrunk": true,
    "size": 135,
  },
  "all30@900x900": {
    "cols": 6,
    "combo": "tl2.tr5",
    "dy": 15.5,
    "feasible": true,
    "shrunk": false,
    "size": 136,
  },
  "selected5@1280x300": {
    "cols": 5,
    "combo": "tl3.tr2",
    "dy": 0,
    "feasible": true,
    "shrunk": false,
    "size": 181,
  },
  "selected5@1280x800": {
    "cols": 3,
    "combo": "tl3.tr2",
    "dy": 0,
    "feasible": true,
    "shrunk": false,
    "size": 334,
  },
  "selected5@1920x1080": {
    "cols": 3,
    "combo": "tl3.tr2",
    "dy": 0,
    "feasible": true,
    "shrunk": false,
    "size": 474,
  },
  "selected5@320x568": {
    "cols": 2,
    "combo": "tl2.tr2",
    "dy": 22.18,
    "feasible": true,
    "shrunk": true,
    "size": 140,
  },
  "selected5@3440x1440": {
    "cols": 5,
    "combo": "tl3.tr2",
    "dy": 0,
    "feasible": true,
    "shrunk": false,
    "size": 673,
  },
  "selected5@375x812": {
    "cols": 2,
    "combo": "tl3.tr2",
    "dy": 0,
    "feasible": true,
    "shrunk": false,
    "size": 169,
  },
  "selected5@420x260": {
    "cols": 5,
    "combo": "tl3.tr5",
    "dy": 6,
    "feasible": true,
    "shrunk": false,
    "size": 69,
  },
  "selected5@500x400": {
    "cols": 3,
    "combo": "tl2.tr2",
    "dy": 13.63,
    "feasible": true,
    "shrunk": false,
    "size": 134,
  },
  "selected5@768x1024": {
    "cols": 2,
    "combo": "tl3.tr2",
    "dy": 0,
    "feasible": true,
    "shrunk": false,
    "size": 293,
  },
  "selected5@900x900": {
    "cols": 3,
    "combo": "tl3.tr2",
    "dy": 0,
    "feasible": true,
    "shrunk": false,
    "size": 284,
  },
  "single1@1280x300": {
    "cols": 1,
    "combo": "tl3.tr3",
    "dy": 0,
    "feasible": true,
    "shrunk": false,
    "size": 181,
  },
  "single1@1280x800": {
    "cols": 1,
    "combo": "tl3.tr3",
    "dy": 0,
    "feasible": true,
    "shrunk": false,
    "size": 681,
  },
  "single1@1920x1080": {
    "cols": 1,
    "combo": "tl3.tr3",
    "dy": 0,
    "feasible": true,
    "shrunk": false,
    "size": 961,
  },
  "single1@320x568": {
    "cols": 1,
    "combo": "tl1.tr3",
    "dy": 51.6,
    "feasible": true,
    "shrunk": false,
    "size": 296,
  },
  "single1@3440x1440": {
    "cols": 1,
    "combo": "tl3.tr3",
    "dy": 0,
    "feasible": true,
    "shrunk": false,
    "size": 1321,
  },
  "single1@375x812": {
    "cols": 1,
    "combo": "tl2.tr3",
    "dy": 0,
    "feasible": true,
    "shrunk": false,
    "size": 351,
  },
  "single1@420x260": {
    "cols": 1,
    "combo": "tl3.tr1",
    "dy": 0,
    "feasible": true,
    "shrunk": true,
    "size": 131,
  },
  "single1@500x400": {
    "cols": 1,
    "combo": "tl3.tr2",
    "dy": 21.5,
    "feasible": true,
    "shrunk": true,
    "size": 256,
  },
  "single1@768x1024": {
    "cols": 1,
    "combo": "tl3.tr3",
    "dy": 0,
    "feasible": true,
    "shrunk": false,
    "size": 744,
  },
  "single1@900x900": {
    "cols": 1,
    "combo": "tl3.tr3",
    "dy": 0,
    "feasible": true,
    "shrunk": false,
    "size": 781,
  },
}
`;
